// Jest Snapshot v1, https://goo.gl/fbAQLP

exports[`Search renders correctly 1`] = `
<DocumentFragment>
  <input
    class="search-input"
    type="text"
  />
  <form
    class="search-form"
  />
  <button
    class="search-button"
    type="submit"
  >
    Search
  </button>
</DocumentFragment>
`;
